-- Selecting Windows SDK version 10.0.22621.0 to target Windows 10.0.22631.
-- Found Geode: C:\Users\marki\OneDrive\Documents\Geode
-- Version: 4.6.3
-- No override path for bindings provided, using CPM to clone default. If you would like to use a separate clone of the bindings repo (for example in order to be able to efficiently change and contribute new bindings) then set GEODE_BINDINGS_REPO_PATH to where you have cloned the repository (system environment variables are supported).
-- CPM: Adding package bindings@ (main)
-- Populating bindings
-- Selecting Windows SDK version 10.0.22621.0 to target Windows 10.0.22631.
-- Configuring done (0.1s)
-- Generating done (0.1s)
-- Build files have been written to: C:/Users/marki/OneDrive/Documents/GDModding/InteractiveTwitchStream/build/_deps/bindings-subbuild
MSBuild version 17.12.6+db5f6012c for .NET Framework

  Performing update step for 'bindings-populate'
  -- Fetching latest from the remote origin
  No patch step for 'bindings-populate'
  No configure step for 'bindings-populate'
  No build step for 'bindings-populate'
  No install step for 'bindings-populate'
  No test step for 'bindings-populate'
  Completed 'bindings-populate'
-- Looking for ccache/sccache
-- Looking for ccache/sccache - skipped (Visual Studio generator)
geode : Not using a caching compiler (ccache/sccache). It is recommended to install one to improve build times.
At line:1 char:1
+ geode build > build_output.txt 2>&1
+ ~~~~~~~~~~~~~~~~~~~~~~~~~~~~~~~~~~~
    + CategoryInfo          : NotSpecified: (Not using a cac...ve build times.:String) [], RemoteException
    + FullyQualifiedErrorId : NativeCommandError
 
We recommend sccache, check its README for installation instructions, normally you can just use your usual package manager (e.g. 'scoop install sccache').
Because of this, PCH will be enabled.
-- Pre-compiled headers - ON
-- Found Geode CLI: C:/Users/marki/scoop/shims/geode.exe (version 3.7.0)
-- CPM: Adding package result@1.3.3 (v1.3.3)
-- CPM: Adding package json@3.2.1 (v3.2.1)
-- CPM: Adding package fmt@11.1.4 (11.1.4)
-- {fmt} version: 11.1.4
-- Build type: RelWithDebInfo
-- CPM: Adding package TulipHook@3.1.3 (v3.1.3)
-- Downloading Codegen
Set SKIP_BUILDING_CODEGEN to OFF to force codegen to build locally.
-- Downloading Codegen - success
-- Skipping building Codegen
-- Running Codegen
'./Codegen' 'Win64' 'C:/Users/marki/OneDrive/Documents/GDModding/InteractiveTwitchStream/build/_deps/bindings-src/bindings/2.2074' 'C:/Users/marki/OneDrive/Documents/GDModding/InteractiveTwitchStream/build/bindings/bindings'
-- Setting up InteractiveTwitchStream
-- Mod arcticwoof.twitch_interactive is compiling for Geode version 4.6.3
| Info | Fetching dependency from index
| Info | Dependency found: alphalaneous.twitch_chat_api, version 0.1.0-alpha.1
| Info | Downloading dependency
| Info | Success
| Info | Writing dependency to temp file
| Info | Dependency 'alphalaneous.twitch_chat_api' found
| Info | Fetching dependency from index
| Info | Dependency found: geode.node-ids, version 1.21.1
| Info | Downloading dependency
| Info | Success
| Info | Writing dependency to temp file
| Info | Dependency 'geode.node-ids' found
| Done | All dependencies resolved
-- Configuring done (22.5s)
-- Generating done (1.0s)
-- Build files have been written to: C:/Users/marki/OneDrive/Documents/GDModding/InteractiveTwitchStream/build
MSBuild version 17.12.6+db5f6012c for .NET Framework

  Checking File Globs
  fmt.vcxproj -> C:\Users\marki\OneDrive\Documents\GDModding\InteractiveTwitchStream\build\_deps\fmt-build\RelWithDebInfo\fmt.lib
  GeodeBindings.vcxproj -> C:\Users\marki\OneDrive\Documents\GDModding\InteractiveTwitchStream\build\bindings\RelWithDebInfo\GeodeBindings.lib
  TwitchCommandManager.cpp
  TwitchDashboard.cpp
  TwitchLoginPopup.cpp
  CommandActionEventNode.cpp
  CommandInputPopup.cpp
  CommandSettingsPopup.cpp
C:\Users\marki\OneDrive\Documents\GDModding\InteractiveTwitchStream\src\twitch\command\CommandSettingsPopup.cpp(854,28): error C2601: 'CommandSettingsPopup::updateColorPlayerLabel': local function definitions are illegal [C:\Users\marki\OneDrive\Documents\GDModding\InteractiveTwitchStream\build\InteractiveTwitchStream.vcxproj]
  (compiling source file '../src/twitch/command/CommandSettingsPopup.cpp')
      C:\Users\marki\OneDrive\Documents\GDModding\InteractiveTwitchStream\src\twitch\command\CommandSettingsPopup.cpp(655,58):
      this line contains a '{' which has not yet been matched
  
  Generating Code...
| Fail | CMake build returned code 1
